Downloading https://services.gradle.org/distributions/gradle-8.14.3-bin.zip
.............10%.............20%.............30%.............40%.............50%.............60%.............70%.............80%.............90%..............100%

Welcome to Gradle 8.14.3!

Here are the highlights of this release:
 - Java 24 support
 - GraalVM Native Image toolchain selection
 - Enhancements to test reporting
 - Build Authoring improvements

For more details see https://docs.gradle.org/8.14.3/release-notes.html

Starting a Gradle Daemon (subsequent builds will be faster)
Configuration on demand is an incubating feature.

> Configure project :app_pojavlauncher
BUILD: You have no CurseForge key, the curseforge api will get disabled !
WARNING: BuildType 'proguard' is both debuggable and has 'isMinifyEnabled' set to true.
All code optimizations and obfuscation are disabled for debuggable builds.
WARNING: BuildType 'proguard' is both debuggable and has 'isMinifyEnabled' set to true.
All code optimizations and obfuscation are disabled for debuggable builds.

> Task :app_pojavlauncher:downloadcaciocavallocacio-androidnwFullDebug
Download https://jitpack.io/com/github/MojoLauncher/caciocavallo/cacio-androidnw/-01d2dc1d65-1/cacio-androidnw--01d2dc1d65-1.jar

> Task :app_pojavlauncher:downloadcaciocavallo17cacio-ttaFullDebug
Download https://jitpack.io/com/github/MojoLauncher/caciocavallo17/cacio-tta/72a9ab6323/cacio-tta-72a9ab6323-jar-with-dependencies.jar

> Task :app_pojavlauncher:preBuild UP-TO-DATE
> Task :forge_installer:compileJava
> Task :forge_installer:processResources NO-SOURCE

> Task :app_pojavlauncher:downloadcaciocavallocacio-sharedFullDebug
Download https://jitpack.io/com/github/MojoLauncher/caciocavallo/cacio-shared/-01d2dc1d65-1/cacio-shared--01d2dc1d65-1.jar

> Task :forge_installer:classes
> Task :forge_installer:jar
> Task :forge_installer:copyProjectJarforge_installerFullDebug
> Task :glfw:android-gradle:preBuild UP-TO-DATE
> Task :glfw:android-gradle:preDebugBuild UP-TO-DATE
> Task :glfw:android-gradle:writeDebugAarMetadata
> Task :glfw:android-gradle:generateDebugResValues
> Task :glfw:android-gradle:generateDebugResources

> Task :app_pojavlauncher:downloadComponentRuntime8FullDebug
Download https://github.com/MojoLauncher/android-openjdk-build-multiarch/releases/download/rolling/jre8-pojav.zip

> Task :app_pojavlauncher:unzipComponentRuntime8FullDebug
> Task :app_pojavlauncher:preFullDebugBuild
> Task :app_pojavlauncher:mergeFullDebugNativeDebugMetadata NO-SOURCE
> Task :app_pojavlauncher:generateFullDebugBuildConfig
> Task :app_pojavlauncher:javaPreCompileFullDebug
> Task :app_pojavlauncher:checkFullDebugAarMetadata
> Task :app_pojavlauncher:generateFullDebugResValues
> Task :glfw:android-gradle:packageDebugResources
> Task :app_pojavlauncher:mapFullDebugSourceSetPaths
> Task :app_pojavlauncher:generateFullDebugResources

> Task :app_pojavlauncher:mergeFullDebugResources FAILED
ERROR: [mipmap-xhdpi-v4/ic_launcher_foreground] /home/runner/work/QQQ-CRAFT-launcher-phone/QQQ-CRAFT-launcher-phone/app_pojavlauncher/src/main/res/mipmap-xhdpi/ic_launcher_foreground.png [mipmap-xhdpi-v4/ic_launcher_foreground] /home/runner/work/QQQ-CRAFT-launcher-phone/QQQ-CRAFT-launcher-phone/app_pojavlauncher/src/main/res/mipmap-xhdpi/ic_launcher_foreground.webp: Resource and asset merger: Duplicate resources
ERROR: [mipmap-hdpi-v4/ic_launcher_foreground] /home/runner/work/QQQ-CRAFT-launcher-phone/QQQ-CRAFT-launcher-phone/app_pojavlauncher/src/main/res/mipmap-hdpi/ic_launcher_foreground.png [mipmap-hdpi-v4/ic_launcher_foreground] /home/runner/work/QQQ-CRAFT-launcher-phone/QQQ-CRAFT-launcher-phone/app_pojavlauncher/src/main/res/mipmap-hdpi/ic_launcher_foreground.webp: Resource and asset merger: Duplicate resources
ERROR: [mipmap-mdpi-v4/ic_launcher_foreground] /home/runner/work/QQQ-CRAFT-launcher-phone/QQQ-CRAFT-launcher-phone/app_pojavlauncher/src/main/res/mipmap-mdpi/ic_launcher_foreground.png [mipmap-mdpi-v4/ic_launcher_foreground] /home/runner/work/QQQ-CRAFT-launcher-phone/QQQ-CRAFT-launcher-phone/app_pojavlauncher/src/main/res/mipmap-mdpi/ic_launcher_foreground.webp: Resource and asset merger: Duplicate resources
ERROR: [mipmap-xxxhdpi-v4/ic_launcher_foreground] /home/runner/work/QQQ-CRAFT-launcher-phone/QQQ-CRAFT-launcher-phone/app_pojavlauncher/src/main/res/mipmap-xxxhdpi/ic_launcher_foreground.png [mipmap-xxxhdpi-v4/ic_launcher_foreground] /home/runner/work/QQQ-CRAFT-launcher-phone/QQQ-CRAFT-launcher-phone/app_pojavlauncher/src/main/res/mipmap-xxxhdpi/ic_launcher_foreground.webp: Resource and asset merger: Duplicate resources
ERROR: [mipmap-xxhdpi-v4/ic_launcher_foreground] /home/runner/work/QQQ-CRAFT-launcher-phone/QQQ-CRAFT-launcher-phone/app_pojavlauncher/src/main/res/mipmap-xxhdpi/ic_launcher_foreground.png [mipmap-xxhdpi-v4/ic_launcher_foreground] /home/runner/work/QQQ-CRAFT-launcher-phone/QQQ-CRAFT-launcher-phone/app_pojavlauncher/src/main/res/mipmap-xxhdpi/ic_launcher_foreground.webp: Resource and asset merger: Duplicate resources
gradle/actions: Writing build results to /home/runner/work/_temp/.gradle-actions/build-results/assemble-1784546606698.json

[Incubating] Problems report is available at: file:///home/runner/work/QQQ-CRAFT-launcher-phone/QQQ-CRAFT-launcher-phone/build/reports/problems/problems-report.html

FAILURE: Build failed with an exception.

* What went wrong:
Execution failed for task ':app_pojavlauncher:mergeFullDebugResources'.
> [mipmap-xhdpi-v4/ic_launcher_foreground] /home/runner/work/QQQ-CRAFT-launcher-phone/QQQ-CRAFT-launcher-phone/app_pojavlauncher/src/main/res/mipmap-xhdpi/ic_launcher_foreground.png	[mipmap-xhdpi-v4/ic_launcher_foreground] /home/runner/work/QQQ-CRAFT-launcher-phone/QQQ-CRAFT-launcher-phone/app_pojavlauncher/src/main/res/mipmap-xhdpi/ic_launcher_foreground.webp: Error: Duplicate resources
  [mipmap-hdpi-v4/ic_launcher_foreground] /home/runner/work/QQQ-CRAFT-launcher-phone/QQQ-CRAFT-launcher-phone/app_pojavlauncher/src/main/res/mipmap-hdpi/ic_launcher_foreground.png	[mipmap-hdpi-v4/ic_launcher_foreground] /home/runner/work/QQQ-CRAFT-launcher-phone/QQQ-CRAFT-launcher-phone/app_pojavlauncher/src/main/res/mipmap-hdpi/ic_launcher_foreground.webp: Error: Duplicate resources
  [mipmap-mdpi-v4/ic_launcher_foreground] /home/runner/work/QQQ-CRAFT-launcher-phone/QQQ-CRAFT-launcher-phone/app_pojavlauncher/src/main/res/mipmap-mdpi/ic_launcher_foreground.png	[mipmap-mdpi-v4/ic_launcher_foreground] /home/runner/work/QQQ-CRAFT-launcher-phone/QQQ-CRAFT-launcher-phone/app_pojavlauncher/src/main/res/mipmap-mdpi/ic_launcher_foreground.webp: Error: Duplicate resources
  [mipmap-xxxhdpi-v4/ic_launcher_foreground] /home/runner/work/QQQ-CRAFT-launcher-phone/QQQ-CRAFT-launcher-phone/app_pojavlauncher/src/main/res/mipmap-xxxhdpi/ic_launcher_foreground.png	[mipmap-xxxhdpi-v4/ic_launcher_foreground] /home/runner/work/QQQ-CRAFT-launcher-phone/QQQ-CRAFT-launcher-phone/app_pojavlauncher/src/main/res/mipmap-xxxhdpi/ic_launcher_foreground.webp: Error: Duplicate resources
  [mipmap-xxhdpi-v4/ic_launcher_foreground] /home/runner/work/QQQ-CRAFT-launcher-phone/QQQ-CRAFT-launcher-phone/app_pojavlauncher/src/main/res/mipmap-xxhdpi/ic_launcher_foreground.png	[mipmap-xxhdpi-v4/ic_launcher_foreground] /home/runner/work/QQQ-CRAFT-launcher-phone/QQQ-CRAFT-launcher-phone/app_pojavlauncher/src/main/res/mipmap-xxhdpi/ic_launcher_foreground.webp: Error: Duplicate resources

* Try:
> Run with --info or --debug option to get more log output.
> Run with --scan to get full insights.
> Get more help at https://help.gradle.org.

* Exception is:
org.gradle.api.tasks.TaskExecutionException: Execution failed for task ':app_pojavlauncher:mergeFullDebugResources'.
	at org.gradle.api.internal.tasks.execution.ExecuteActionsTaskExecuter.lambda$executeIfValid$1(ExecuteActionsTaskExecuter.java:130)
	at org.gradle.internal.Try$Failure.ifSuccessfulOrElse(Try.java:293)
	at org.gradle.api.internal.tasks.execution.ExecuteActionsTaskExecuter.executeIfValid(ExecuteActionsTaskExecuter.java:128)
	at org.gradle.api.internal.tasks.execution.ExecuteActionsTaskExecuter.execute(ExecuteActionsTaskExecuter.java:116)
	at org.gradle.api.internal.tasks.execution.ProblemsTaskPathTrackingTaskExecuter.execute(ProblemsTaskPathTrackingTaskExecuter.java:41)
	at org.gradle.api.internal.tasks.execution.FinalizePropertiesTaskExecuter.execute(FinalizePropertiesTaskExecuter.java:46)
	at org.gradle.api.internal.tasks.execution.ResolveTaskExecutionModeExecuter.execute(ResolveTaskExecutionModeExecuter.java:51)
	at org.gradle.api.internal.tasks.execution.SkipTaskWithNoActionsExecuter.execute(SkipTaskWithNoActionsExecuter.java:57)
	at org.gradle.api.internal.tasks.execution.SkipOnlyIfTaskExecuter.execute(SkipOnlyIfTaskExecuter.java:74)
	at org.gradle.api.internal.tasks.execution.CatchExceptionTaskExecuter.execute(CatchExceptionTaskExecuter.java:36)
	at org.gradle.api.internal.tasks.execution.EventFiringTaskExecuter$1.executeTask(EventFiringTaskExecuter.java:77)
	at org.gradle.api.internal.tasks.execution.EventFiringTaskExecuter$1.call(EventFiringTaskExecuter.java:55)
	at org.gradle.api.internal.tasks.execution.EventFiringTaskExecuter$1.call(EventFiringTaskExecuter.java:52)
	at org.gradle.internal.operations.DefaultBuildOperationRunner$CallableBuildOperationWorker.execute(DefaultBuildOperationRunner.java:210)
	at org.gradle.internal.operations.DefaultBuildOperationRunner$CallableBuildOperationWorker.execute(DefaultBuildOperationRunner.java:205)
	at org.gradle.internal.operations.DefaultBuildOperationRunner$2.execute(DefaultBuildOperationRunner.java:67)
	at org.gradle.internal.operations.DefaultBuildOperationRunner$2.execute(DefaultBuildOperationRunner.java:60)
	at org.gradle.internal.operations.DefaultBuildOperationRunner.execute(DefaultBuildOperationRunner.java:167)
	at org.gradle.internal.operations.DefaultBuildOperationRunner.execute(DefaultBuildOperationRunner.java:60)
	at org.gradle.internal.operations.DefaultBuildOperationRunner.call(DefaultBuildOperationRunner.java:54)
	at org.gradle.api.internal.tasks.execution.EventFiringTaskExecuter.execute(EventFiringTaskExecuter.java:52)
	at org.gradle.execution.plan.LocalTaskNodeExecutor.execute(LocalTaskNodeExecutor.java:42)
	at org.gradle.execution.taskgraph.DefaultTaskExecutionGraph$InvokeNodeExecutorsAction.execute(DefaultTaskExecutionGraph.java:331)
	at org.gradle.execution.taskgraph.DefaultTaskExecutionGraph$InvokeNodeExecutorsAction.execute(DefaultTaskExecutionGraph.java:318)
	at org.gradle.execution.taskgraph.DefaultTaskExecutionGraph$BuildOperationAwareExecutionAction.lambda$execute$0(DefaultTaskExecutionGraph.java:314)
	at org.gradle.internal.operations.CurrentBuildOperationRef.with(CurrentBuildOperationRef.java:85)
	at org.gradle.execution.taskgraph.DefaultTaskExecutionGraph$BuildOperationAwareExecutionAction.execute(DefaultTaskExecutionGraph.java:314)
	at org.gradle.execution.taskgraph.DefaultTaskExecutionGraph$BuildOperationAwareExecutionAction.execute(DefaultTaskExecutionGraph.java:303)
	at org.gradle.execution.plan.DefaultPlanExecutor$ExecutorWorker.execute(DefaultPlanExecutor.java:459)
	at org.gradle.execution.plan.DefaultPlanExecutor$ExecutorWorker.run(DefaultPlanExecutor.java:376)
	at org.gradle.internal.concurrent.ExecutorPolicy$CatchAndRecordFailures.onExecute(ExecutorPolicy.java:64)
	at org.gradle.internal.concurrent.AbstractManagedExecutor$1.run(AbstractManagedExecutor.java:48)
Caused by: com.android.build.gradle.tasks.ResourceException: [mipmap-xhdpi-v4/ic_launcher_foreground] /home/runner/work/QQQ-CRAFT-launcher-phone/QQQ-CRAFT-launcher-phone/app_pojavlauncher/src/main/res/mipmap-xhdpi/ic_launcher_foreground.png	[mipmap-xhdpi-v4/ic_launcher_foreground] /home/runner/work/QQQ-CRAFT-launcher-phone/QQQ-CRAFT-launcher-phone/app_pojavlauncher/src/main/res/mipmap-xhdpi/ic_launcher_foreground.webp: Error: Duplicate resources
[mipmap-hdpi-v4/ic_launcher_foreground] /home/runner/work/QQQ-CRAFT-launcher-phone/QQQ-CRAFT-launcher-phone/app_pojavlauncher/src/main/res/mipmap-hdpi/ic_launcher_foreground.png	[mipmap-hdpi-v4/ic_launcher_foreground] /home/runner/work/QQQ-CRAFT-launcher-phone/QQQ-CRAFT-launcher-phone/app_pojavlauncher/src/main/res/mipmap-hdpi/ic_launcher_foreground.webp: Error: Duplicate resources
[mipmap-mdpi-v4/ic_launcher_foreground] /home/runner/work/QQQ-CRAFT-launcher-phone/QQQ-CRAFT-launcher-phone/app_pojavlauncher/src/main/res/mipmap-mdpi/ic_launcher_foreground.png	[mipmap-mdpi-v4/ic_launcher_foreground] /home/runner/work/QQQ-CRAFT-launcher-phone/QQQ-CRAFT-launcher-phone/app_pojavlauncher/src/main/res/mipmap-mdpi/ic_launcher_foreground.webp: Error: Duplicate resources
[mipmap-xxxhdpi-v4/ic_launcher_foreground] /home/runner/work/QQQ-CRAFT-launcher-phone/QQQ-CRAFT-launcher-phone/app_pojavlauncher/src/main/res/mipmap-xxxhdpi/ic_launcher_foreground.png	[mipmap-xxxhdpi-v4/ic_launcher_foreground] /home/runner/work/QQQ-CRAFT-launcher-phone/QQQ-CRAFT-launcher-phone/app_pojavlauncher/src/main/res/mipmap-xxxhdpi/ic_launcher_foreground.webp: Error: Duplicate resources
[mipmap-xxhdpi-v4/ic_launcher_foreground] /home/runner/work/QQQ-CRAFT-launcher-phone/QQQ-CRAFT-launcher-phone/app_pojavlauncher/src/main/res/mipmap-xxhdpi/ic_launcher_foreground.png	[mipmap-xxhdpi-v4/ic_launcher_foreground] /home/runner/work/QQQ-CRAFT-launcher-phone/QQQ-CRAFT-launcher-phone/app_pojavlauncher/src/main/res/mipmap-xxhdpi/ic_launcher_foreground.webp: Error: Duplicate resources
	at com.android.build.gradle.tasks.MergeResources.doFullTaskAction(MergeResources.kt:328)
	at com.android.build.gradle.tasks.MergeResources.doTaskAction(MergeResources.kt:357)
	at com.android.build.gradle.internal.tasks.NewIncrementalTask$taskAction$$inlined$recordTaskAction$1.invoke(BaseTask.kt:63)
	at com.android.build.gradle.internal.tasks.Blocks.recordSpan(Blocks.java:51)
	at com.android.build.gradle.internal.tasks.NewIncrementalTask.taskAction(NewIncrementalTask.kt:46)
	at java.base/jdk.internal.reflect.NativeMethodAccessorImpl.invoke0(Native Method)
	at java.base/jdk.internal.reflect.NativeMethodAccessorImpl.invoke(NativeMethodAccessorImpl.java:77)
	at java.base/jdk.internal.reflect.DelegatingMethodAccessorImpl.invoke(DelegatingMethodAccessorImpl.java:43)
	at org.gradle.internal.reflect.JavaMethod.invoke(JavaMethod.java:125)
	at org.gradle.api.internal.project.taskfactory.IncrementalTaskAction.doExecute(IncrementalTaskAction.java:45)
	at org.gradle.api.internal.project.taskfactory.StandardTaskAction.execute(StandardTaskAction.java:51)
	at org.gradle.api.internal.project.taskfactory.IncrementalTaskAction.execute(IncrementalTaskAction.java:26)
	at org.gradle.api.internal.project.taskfactory.StandardTaskAction.execute(StandardTaskAction.java:29)
	at org.gradle.api.internal.tasks.execution.TaskExecution$3.run(TaskExecution.java:244)
	at org.gradle.internal.operations.DefaultBuildOperationRunner$1.execute(DefaultBuildOperationRunner.java:30)
	at org.gradle.internal.operations.DefaultBuildOperationRunner$1.execute(DefaultBuildOperationRunner.java:27)
	at org.gradle.internal.operations.DefaultBuildOperationRunner$2.execute(DefaultBuildOperationRunner.java:67)
	at org.gradle.internal.operations.DefaultBuildOperationRunner$2.execute(DefaultBuildOperationRunner.java:60)
	at org.gradle.internal.operations.DefaultBuildOperationRunner.execute(DefaultBuildOperationRunner.java:167)
	at org.gradle.internal.operations.DefaultBuildOperationRunner.execute(DefaultBuildOperationRunner.java:60)
	at org.gradle.internal.operations.DefaultBuildOperationRunner.run(DefaultBuildOperationRunner.java:48)
	at org.gradle.api.internal.tasks.execution.TaskExecution.executeAction(TaskExecution.java:229)
	at org.gradle.api.internal.tasks.execution.TaskExecution.executeActions(TaskExecution.java:212)
	at org.gradle.api.internal.tasks.execution.TaskExecution.executeWithPreviousOutputFiles(TaskExecution.java:195)
	at org.gradle.api.internal.tasks.execution.TaskExecution.execute(TaskExecution.java:162)
	at org.gradle.internal.execution.steps.ExecuteStep.executeInternal(ExecuteStep.java:105)
	at org.gradle.internal.execution.steps.ExecuteStep.access$000(ExecuteStep.java:44)
	at org.gradle.internal.execution.steps.ExecuteStep$1.call(ExecuteStep.java:59)
	at org.gradle.internal.execution.steps.ExecuteStep$1.call(ExecuteStep.java:56)
	at org.gradle.internal.operations.DefaultBuildOperationRunner$CallableBuildOperationWorker.execute(DefaultBuildOperationRunner.java:210)
	at org.gradle.internal.operations.DefaultBuildOperationRunner$CallableBuildOperationWorker.execute(DefaultBuildOperationRunner.java:205)
	at org.gradle.internal.operations.DefaultBuildOperationRunner$2.execute(DefaultBuildOperationRunner.java:67)
	at org.gradle.internal.operations.DefaultBuildOperationRunner$2.execute(DefaultBuildOperationRunner.java:60)
	at org.gradle.internal.operations.DefaultBuildOperationRunner.execute(DefaultBuildOperationRunner.java:167)
	at org.gradle.internal.operations.DefaultBuildOperationRunner.execute(DefaultBuildOperationRunner.java:60)
	at org.gradle.internal.operations.DefaultBuildOperationRunner.call(DefaultBuildOperationRunner.java:54)
	at org.gradle.internal.execution.steps.ExecuteStep.execute(ExecuteStep.java:56)
	at org.gradle.internal.execution.steps.ExecuteStep.execute(ExecuteStep.java:44)
	at org.gradle.internal.execution.steps.CancelExecutionStep.execute(CancelExecutionStep.java:42)
	at org.gradle.internal.execution.steps.TimeoutStep.executeWithoutTimeout(TimeoutStep.java:75)
	at org.gradle.internal.execution.steps.TimeoutStep.execute(TimeoutStep.java:55)
	at org.gradle.internal.execution.steps.PreCreateOutputParentsStep.execute(PreCreateOutputParentsStep.java:50)
	at org.gradle.internal.execution.steps.PreCreateOutputParentsStep.execute(PreCreateOutputParentsStep.java:28)
	at org.gradle.internal.execution.steps.RemovePreviousOutputsStep.execute(RemovePreviousOutputsStep.java:67)
	at org.gradle.internal.execution.steps.RemovePreviousOutputsStep.execute(RemovePreviousOutputsStep.java:37)
	at org.gradle.internal.execution.steps.BroadcastChangingOutputsStep.execute(BroadcastChangingOutputsStep.java:61)
	at org.gradle.internal.execution.steps.BroadcastChangingOutputsStep.execute(BroadcastChangingOutputsStep.java:26)
	at org.gradle.internal.execution.steps.CaptureOutputsAfterExecutionStep.execute(CaptureOutputsAfterExecutionStep.java:69)
	at org.gradle.internal.execution.steps.CaptureOutputsAfterExecutionStep.execute(CaptureOutputsAfterExecutionStep.java:46)
	at org.gradle.internal.execution.steps.ResolveInputChangesStep.execute(ResolveInputChangesStep.java:40)
	at org.gradle.internal.execution.steps.ResolveInputChangesStep.execute(ResolveInputChangesStep.java:29)
	at org.gradle.internal.execution.steps.BuildCacheStep.executeWithoutCache(BuildCacheStep.java:189)
	at org.gradle.internal.execution.steps.BuildCacheStep.lambda$execute$1(BuildCacheStep.java:75)
	at org.gradle.internal.Either$Right.fold(Either.java:175)
	at org.gradle.internal.execution.caching.CachingState.fold(CachingState.java:62)
	at org.gradle.internal.execution.steps.BuildCacheStep.execute(BuildCacheStep.java:73)
	at org.gradle.internal.execution.steps.BuildCacheStep.execute(BuildCacheStep.java:48)
	at org.gradle.internal.execution.steps.StoreExecutionStateStep.execute(StoreExecutionStateStep.java:46)
	at org.gradle.internal.execution.steps.StoreExecutionStateStep.execute(StoreExecutionStateStep.java:35)
	at org.gradle.internal.execution.steps.SkipUpToDateStep.executeBecause(SkipUpToDateStep.java:75)
	at org.gradle.internal.execution.steps.SkipUpToDateStep.lambda$execute$2(SkipUpToDateStep.java:53)
	at org.gradle.internal.execution.steps.SkipUpToDateStep.execute(SkipUpToDateStep.java:53)
	at org.gradle.internal.execution.steps.SkipUpToDateStep.execute(SkipUpToDateStep.java:35)
	at org.gradle.internal.execution.steps.legacy.MarkSnapshottingInputsFinishedStep.execute(MarkSnapshottingInputsFinishedStep.java:37)
	at org.gradle.internal.execution.steps.legacy.MarkSnapshottingInputsFinishedStep.execute(MarkSnapshottingInputsFinishedStep.java:27)
	at org.gradle.internal.execution.steps.ResolveIncrementalCachingStateStep.executeDelegate(ResolveIncrementalCachingStateStep.java:49)
	at org.gradle.internal.execution.steps.ResolveIncrementalCachingStateStep.executeDelegate(ResolveIncrementalCachingStateStep.java:27)
	at org.gradle.internal.execution.steps.AbstractResolveCachingStateStep.execute(AbstractResolveCachingStateStep.java:71)
	at org.gradle.internal.execution.steps.AbstractResolveCachingStateStep.execute(AbstractResolveCachingStateStep.java:39)
	at org.gradle.internal.execution.steps.ResolveChangesStep.execute(ResolveChangesStep.java:65)
	at org.gradle.internal.execution.steps.ResolveChangesStep.execute(ResolveChangesStep.java:36)
	at org.gradle.internal.execution.steps.ValidateStep.execute(ValidateStep.java:107)
	at org.gradle.internal.execution.steps.ValidateStep.execute(ValidateStep.java:56)
	at org.gradle.internal.execution.steps.AbstractCaptureStateBeforeExecutionStep.execute(AbstractCaptureStateBeforeExecutionStep.java:64)
	at org.gradle.internal.execution.steps.AbstractCaptureStateBeforeExecutionStep.execute(AbstractCaptureStateBeforeExecutionStep.java:43)
	at org.gradle.internal.execution.steps.AbstractSkipEmptyWorkStep.executeWithNonEmptySources(AbstractSkipEmptyWorkStep.java:125)
	at org.gradle.internal.execution.steps.AbstractSkipEmptyWorkStep.execute(AbstractSkipEmptyWorkStep.java:56)
	at org.gradle.internal.execution.steps.AbstractSkipEmptyWorkStep.execute(AbstractSkipEmptyWorkStep.java:36)
	at org.gradle.internal.execution.steps.legacy.MarkSnapshottingInputsStartedStep.execute(MarkSnapshottingInputsStartedStep.java:38)
	at org.gradle.internal.execution.steps.LoadPreviousExecutionStateStep.execute(LoadPreviousExecutionStateStep.java:36)
	at org.gradle.internal.execution.steps.LoadPreviousExecutionStateStep.execute(LoadPreviousExecutionStateStep.java:23)
	at org.gradle.internal.execution.steps.HandleStaleOutputsStep.execute(HandleStaleOutputsStep.java:75)
	at org.gradle.internal.execution.steps.HandleStaleOutputsStep.execute(HandleStaleOutputsStep.java:41)
	at org.gradle.internal.execution.steps.AssignMutableWorkspaceStep.lambda$execute$0(AssignMutableWorkspaceStep.java:35)
	at org.gradle.api.internal.tasks.execution.TaskExecution$4.withWorkspace(TaskExecution.java:289)
	at org.gradle.internal.execution.steps.AssignMutableWorkspaceStep.execute(AssignMutableWorkspaceStep.java:31)
	at org.gradle.internal.execution.steps.AssignMutableWorkspaceStep.execute(AssignMutableWorkspaceStep.java:22)
	at org.gradle.internal.execution.steps.ChoosePipelineStep.execute(ChoosePipelineStep.java:40)
	at org.gradle.internal.execution.steps.ChoosePipelineStep.execute(ChoosePipelineStep.java:23)
	at org.gradle.internal.execution.steps.ExecuteWorkBuildOperationFiringStep.lambda$execute$2(ExecuteWorkBuildOperationFiringStep.java:67)
	at org.gradle.internal.execution.steps.ExecuteWorkBuildOperationFiringStep.execute(ExecuteWorkBuildOperationFiringStep.java:67)
	at org.gradle.internal.execution.steps.ExecuteWorkBuildOperationFiringStep.execute(ExecuteWorkBuildOperationFiringStep.java:39)
	at org.gradle.internal.execution.steps.IdentityCacheStep.execute(IdentityCacheStep.java:46)
	at org.gradle.internal.execution.steps.IdentityCacheStep.execute(IdentityCacheStep.java:34)
	at org.gradle.internal.execution.steps.IdentifyStep.execute(IdentifyStep.java:48)
	at org.gradle.internal.execution.steps.IdentifyStep.execute(IdentifyStep.java:35)
	at org.gradle.internal.execution.impl.DefaultExecutionEngine$1.execute(DefaultExecutionEngine.java:64)
	at org.gradle.api.internal.tasks.execution.ExecuteActionsTaskExecuter.executeIfValid(ExecuteActionsTaskExecuter.java:127)
	at org.gradle.api.internal.tasks.execution.ExecuteActionsTaskExecuter.execute(ExecuteActionsTaskExecuter.java:116)
	at org.gradle.api.internal.tasks.execution.ProblemsTaskPathTrackingTaskExecuter.execute(ProblemsTaskPathTrackingTaskExecuter.java:41)
	at org.gradle.api.internal.tasks.execution.FinalizePropertiesTaskExecuter.execute(FinalizePropertiesTaskExecuter.java:46)
	at org.gradle.api.internal.tasks.execution.ResolveTaskExecutionModeExecuter.execute(ResolveTaskExecutionModeExecuter.java:51)
	at org.gradle.api.internal.tasks.execution.SkipTaskWithNoActionsExecuter.execute(SkipTaskWithNoActionsExecuter.java:57)
	at org.gradle.api.internal.tasks.execution.SkipOnlyIfTaskExecuter.execute(SkipOnlyIfTaskExecuter.java:74)
	at org.gradle.api.internal.tasks.execution.CatchExceptionTaskExecuter.execute(CatchExceptionTaskExecuter.java:36)
	at org.gradle.api.internal.tasks.execution.EventFiringTaskExecuter$1.executeTask(EventFiringTaskExecuter.java:77)
	at org.gradle.api.internal.tasks.execution.EventFiringTaskExecuter$1.call(EventFiringTaskExecuter.java:55)
	at org.gradle.api.internal.tasks.execution.EventFiringTaskExecuter$1.call(EventFiringTaskExecuter.java:52)
	at org.gradle.internal.operations.DefaultBuildOperationRunner$CallableBuildOperationWorker.execute(DefaultBuildOperationRunner.java:210)
	at org.gradle.internal.operations.DefaultBuildOperationRunner$CallableBuildOperationWorker.execute(DefaultBuildOperationRunner.java:205)
	at org.gradle.internal.operations.DefaultBuildOperationRunner$2.execute(DefaultBuildOperationRunner.java:67)
	at org.gradle.internal.operations.DefaultBuildOperationRunner$2.execute(DefaultBuildOperationRunner.java:60)
	at org.gradle.internal.operations.DefaultBuildOperationRunner.execute(DefaultBuildOperationRunner.java:167)
	at org.gradle.internal.operations.DefaultBuildOperationRunner.execute(DefaultBuildOperationRunner.java:60)
	at org.gradle.internal.operations.DefaultBuildOperationRunner.call(DefaultBuildOperationRunner.java:54)
	at org.gradle.api.internal.tasks.execution.EventFiringTaskExecuter.execute(EventFiringTaskExecuter.java:52)
	at org.gradle.execution.plan.LocalTaskNodeExecutor.execute(LocalTaskNodeExecutor.java:42)
	at org.gradle.execution.taskgraph.DefaultTaskExecutionGraph$InvokeNodeExecutorsAction.execute(DefaultTaskExecutionGraph.java:331)
	at org.gradle.execution.taskgraph.DefaultTaskExecutionGraph$InvokeNodeExecutorsAction.execute(DefaultTaskExecutionGraph.java:318)
	at org.gradle.execution.taskgraph.DefaultTaskExecutionGraph$BuildOperationAwareExecutionAction.lambda$execute$0(DefaultTaskExecutionGraph.java:314)
	at org.gradle.internal.operations.CurrentBuildOperationRef.with(CurrentBuildOperationRef.java:85)
	at org.gradle.execution.taskgraph.DefaultTaskExecutionGraph$BuildOperationAwareExecutionAction.execute(DefaultTaskExecutionGraph.java:314)
	at org.gradle.execution.taskgraph.DefaultTaskExecutionGraph$BuildOperationAwareExecutionAction.execute(DefaultTaskExecutionGraph.java:303)
	at org.gradle.execution.plan.DefaultPlanExecutor$ExecutorWorker.execute(DefaultPlanExecutor.java:459)
	at org.gradle.execution.plan.DefaultPlanExecutor$ExecutorWorker.run(DefaultPlanExecutor.java:376)
	at org.gradle.internal.concurrent.ExecutorPolicy$CatchAndRecordFailures.onExecute(ExecutorPolicy.java:64)
	at org.gradle.internal.concurrent.AbstractManagedExecutor$1.run(AbstractManagedExecutor.java:48)
Caused by: [mipmap-xhdpi-v4/ic_launcher_foreground] /home/runner/work/QQQ-CRAFT-launcher-phone/QQQ-CRAFT-launcher-phone/app_pojavlauncher/src/main/res/mipmap-xhdpi/ic_launcher_foreground.png	[mipmap-xhdpi-v4/ic_launcher_foreground] /home/runner/work/QQQ-CRAFT-launcher-phone/QQQ-CRAFT-launcher-phone/app_pojavlauncher/src/main/res/mipmap-xhdpi/ic_launcher_foreground.webp: Error: Duplicate resources
[mipmap-hdpi-v4/ic_launcher_foreground] /home/runner/work/QQQ-CRAFT-launcher-phone/QQQ-CRAFT-launcher-phone/app_pojavlauncher/src/main/res/mipmap-hdpi/ic_launcher_foreground.png	[mipmap-hdpi-v4/ic_launcher_foreground] /home/runner/work/QQQ-CRAFT-launcher-phone/QQQ-CRAFT-launcher-phone/app_pojavlauncher/src/main/res/mipmap-hdpi/ic_launcher_foreground.webp: Error: Duplicate resources
[mipmap-mdpi-v4/ic_launcher_foreground] /home/runner/work/QQQ-CRAFT-launcher-phone/QQQ-CRAFT-launcher-phone/app_pojavlauncher/src/main/res/mipmap-mdpi/ic_launcher_foreground.png	[mipmap-mdpi-v4/ic_launcher_foreground] /home/runner/work/QQQ-CRAFT-launcher-phone/QQQ-CRAFT-launcher-phone/app_pojavlauncher/src/main/res/mipmap-mdpi/ic_launcher_foreground.webp: Error: Duplicate resources
[mipmap-xxxhdpi-v4/ic_launcher_foreground] /home/runner/work/QQQ-CRAFT-launcher-phone/QQQ-CRAFT-launcher-phone/app_pojavlauncher/src/main/res/mipmap-xxxhdpi/ic_launcher_foreground.png	[mipmap-xxxhdpi-v4/ic_launcher_foreground] /home/runner/work/QQQ-CRAFT-launcher-phone/QQQ-CRAFT-launcher-phone/app_pojavlauncher/src/main/res/mipmap-xxxhdpi/ic_launcher_foreground.webp: Error: Duplicate resources
[mipmap-xxhdpi-v4/ic_launcher_foreground] /home/runner/work/QQQ-CRAFT-launcher-phone/QQQ-CRAFT-launcher-phone/app_pojavlauncher/src/main/res/mipmap-xxhdpi/ic_launcher_foreground.png	[mipmap-xxhdpi-v4/ic_launcher_foreground] /home/runner/work/QQQ-CRAFT-launcher-phone/QQQ-CRAFT-launcher-phone/app_pojavlauncher/src/main/res/mipmap-xxhdpi/ic_launcher_foreground.webp: Error: Duplicate resources
	at com.android.ide.common.resources.DataSet.checkItems(DataSet.java:512)
	at com.android.ide.common.resources.DataSet.loadFromFiles(DataSet.java:273)
	at com.android.ide.common.resources.DataSet.loadFromFiles(DataSet.java:243)
	at com.android.build.gradle.tasks.MergeResources$doFullTaskAction$1$1$1.invoke(MergeResources.kt:278)
	at com.android.build.gradle.internal.tasks.Blocks.recordSpan(Blocks.java:51)
	at com.android.build.gradle.tasks.MergeResources.doFullTaskAction(MergeResources.kt:272)
	... 126 more


Deprecated Gradle features were used in this build, making it incompatible with Gradle 9.0.

You can use '--warning-mode all' to show the individual deprecation warnings and determine if they come from your own scripts or plugins.

For more on this, please refer to https://docs.gradle.org/8.14.3/userguide/command_line_interface.html#sec:command_line_warnings in the Gradle documentation.

BUILD FAILED in 42s
19 actionable tasks: 19 executed
